// Jest Snapshot v1, https://goo.gl/fbAQLP

exports[`PocketValue component renders the component 1`] = `
<DocumentFragment>
  <span>
    You have 
    <small>
      Â£
    </small>
    0.09
  </span>
</DocumentFragment>
`;
